=== Helix ALU Unit Testbench ===

--- VADD.S8 ---
  [PASS] VADD.S8 10+20=30 all lanes
  [PASS] VADD.S8 100+50 sat=127
  [PASS] VADD.S8 -100+(-50) sat=-128
--- VSUB.S8 ---
  [PASS] VSUB.S8 30-10=20 all lanes
  [PASS] VSUB.S8 127-(-1) sat=127
  [PASS] VSUB.S8 -128-1 sat=-128
  [PASS] VSUB.S8 0-INT_MIN = +127 sat [INT_MIN bug]
  [PASS] VSUB.S8 INT_MIN-INT_MIN = 0
  [PASS] VSUB.S8 127-INT_MIN = +127 sat
--- VMIN/VMAX.S8 ---
  [PASS] VMIN.S8 min(16,-16)=-16
  [PASS] VMAX.S8 max(16,-16)=16
--- VMUL.S8 ---
  [PASS] VMUL.S8ÿÿÿ—4=12
  [PASS] VMUL.S8 1ÿÿ—16 wrap=0
--- VMULH.S8 ---
  [PASS] VMULH.S8 1ÿÿÿ—100 upper=39
  [PASS] VMULH.S8 -64ÿ—2 upper=-1
  [PASS] VMULH.S8 6ÿÿ—(-1) upper=-1
--- VABS.S8 ---
  [PASS] VABS.S8 abs(-1)=1
  [PASS] VABS.S8 abs(INT_MIN)=127 sat
  [PASS] VABS.S8 abs(127)=127
--- VAND/VOR/VXOR.S8 ---
  [PASS] VAND 0xAA & 0x55 = 0x00
  [PASS] VOR  0xAA | 0x55 = 0xFF
  [PASS] VXOR 0xAA ^ 0x55 = 0xFF
  [PASS] VXOR 0xFF ^ 0xFF = 0x00
--- VADD.S16 ---
  [PASS] VADD.S16 100+200=300 all lanes
  [PASS] VADD.S16 0x7FFF+1 sat=0x7FFF
  [PASS] VADD.S16 INT_MIN+(-1) sat=INT_MIN
--- VSUB.S16 INT_MIN edge case ---
  [PASS] VSUB.S16 0-INT_MIN16 = +32767 sat
  [PASS] VSUB.S16 INT_MIN16-INT_MIN16 = 0
--- VABS.S16 ---
  [PASS] VABS.S16 abs(INT_MIN16)=32767 sat
--- VADD.S32 ---
  [PASS] VADD.S32 10+5=15 all lanes
  [PASS] VADD.S32 INT_MAX+1 sat=INT_MAX
--- VSUB.S32 INT_MIN edge case ---
  [PASS] VSUB.S32 0-INT_MIN32 = 0x7FFFFFFF sat
  [PASS] VSUB.S32 INT_MIN32-INT_MIN32 = 0
--- VABS.S32 ---
  [PASS] VABS.S32 abs(INT_MIN32)=0x7FFFFFFF sat
--- VMOVS ---
  [PASS] VMOVS.S8 broadcast 0x42
  [PASS] VMOVS.S16 broadcast 0x1234
  [PASS] VMOVS.S32 broadcast 0xDEADBEEF
--- VMOV ---
  [PASS] VMOV copies vs1 to vd
--- mac_partial: VMAC.S8 ---
  [PASS] VMAC.S8 1ÿÿ—(ÿÿ—1)=16
  [PASS] VMAC.S8 1ÿÿ—(ÿÿ—3)=96
  [PASS] VMAC.S8ÿÿÿÃ—(-1ÿ—1)=-16
  [PASS] VMAC.S8 INT_MINÿ—1=-128 partial
--- mac_partial: VMAC.S16 ---
  [PASS] VMAC.S1ÿÿÿÃ—(10ÿ—3)=240
  [PASS] VMAC.S16 ÿÿ—(3276ÿÿ²) no overflow
--- mac_partial: VMAC.S32 ---
  [PASS] VMAC.S3ÿÿÿÃ—(10ÿ—5)=200
--- funct3 gating: op_id=0 disambiguation ---
  [PASS] VADD (f3=ARITH, op=0): vd=2 all lanes
  [PASS] VADD (f3=ARITH, op=0): mac_partial=0
  [PASS] VMAC (f3=MAC,  op=0): mac_partial=16
  [PASS] VMAC (f3=MAC,  op=0): vd=0 (no lane write)
  [PASS] VMOVS (f3=MISC, op=0): broadcasts 0x55
  [PASS] VMOVS (f3=MISC, op=0): mac_partial=0
  [PASS] VCLRACC (f3=MAC): vd=0
  [PASS] VCLRACC (f3=MAC): mac_partial=0
  [PASS] VSUB (f3=ARITH, op=1): mac_partial=0
  [PASS] VSUB (f3=ARITH, op=1): vd=2 all lanes
--- Unknown op_id ---
  [PASS] Unknown op_id=31: vd=0 (default)

=== ALU Results: 56/56 passed, 0 failed ===

ALL ALU TESTS PASSED
