=== Helix Vector ISA Testbench ===

--- T01: VLD.128 ---
  [PASS] VLD.128 round-trip
--- T02: VST.128 byte order ---
  [PASS] VST.128 lane[0]=LSB
  [PASS] VST.128 lane[15]=MSB
--- T03: VADD.S8 ---
  [PASS] VADD.S8 pos sat to +127
  [PASS] VADD.S8 neg sat to -128
  [PASS] VADD.S8 normal 10+20=30
  [PASS] VADD.S8 zero lane
--- T04: VSUB.S8 ---
  [PASS] VSUB.S8 neg sat -128-1=-128
  [PASS] VSUB.S8 pos sat 127-(-1)=127
--- T05: VMIN/VMAX.S8 ---
  [PASS] VMIN.S8 min(-16,5)=-16
  [PASS] VMIN.S8 min(16,32)=16
  [PASS] VMAX.S8 max(-16,5)=5
  [PASS] VMAX.S8 max(16,32)=32
--- T06: VMUL.S8 ---
  [PASS] VMUL.S8 3ÿ—4=12 lower
  [PASS] VMUL.S8 1ÿÿ—16 wrap=0
--- T07: VMULH.S8 ---
  [PASS] VMULH.S8 1ÿÿÿ—100 upper=39
  [PASS] VMULH.S8 -64ÿ—2 upper=-1
--- T08: VABS.S8 ---
  [PASS] VABS.S8 abs(-128)=127 sat
  [PASS] VABS.S8 abs(-1)=1
  [PASS] VABS.S8 abs(5)=5
--- T09: VADD.S16 ---
  [PASS] VADD.S16 sat 0x7FFF+1=0x7FFF
  [PASS] VADD.S16 100+200=300
--- T10: VADD.S32 ---
  [PASS] VADD.S32 10+5=15
  [PASS] VADD.S32 sat 0x7FFFFFFF+1=sat
--- T11: VMOVS ---
  [PASS] VMOVS.S8 all lanes=0x42
  [PASS] VMOVS.S16 all lanes=0x1234
--- T12: VMOV ---
  [PASS] VMOVÿÿÿâÿ’Q7
--- T13: VMAC / VCLRACC / VGETACC ---
  [PASS] VCLRACC+VMAC+VGETACC=32
  [PASS] VGETACC asserts pcpi_wr
  [PASS] Cumulative VMAC ACCX=64
  [PASS] VGETACC shift=1: 64>>1=32
  [PASS] VCLRACC: pcpi_wr=0
  [PASS] VCLRACC: pcpi_rd=0
--- T14: VMAC.S16 ---
  [PASS] VMAC.S16 8ÿ—30=240
--- T15: VAND/VOR/VXOR ---
  [PASS] VAND 0xAA & 0x55 = 0x00
  [PASS] VOR  0xAA | 0x55 = 0xFF
  [PASS] VXOR 0xAA ^ 0x55 = 0xFF
--- T16: Non-Helix passthrough ---
  [PASS] Non-HVX: pcpi_wait=0
  [PASS] Non-HVX: pcpi_ready=0
--- T17: Unaligned VLD (auto-align) ---
  [PASS] Unaligned VLD loads aligned block
--- T18: VSUB.S8 INT_MIN edge case ---
  [PASS] VSUB.S8 0-INT_MIN=+127 sat
  [PASS] VSUB.S8 INT_MIN-INT_MIN=0
  [PASS] VSUB.S8 127-INT_MIN=+127 sat
--- T19: VSUB.S16 INT_MIN edge case ---
  [PASS] VSUB.S16 0-INT_MIN16=+32767 sat
  [PASS] VSUB.S16 INT_MIN16-INT_MIN16=0
--- T20: VSUB.S32 INT_MIN edge case ---
  [PASS] VSUB.S32 0-INT_MIN32=0x7FFFFFFF sat
  [PASS] VSUB.S32 INT_MIN32-INT_MIN32=0
--- T21: funct3 disambiguation VMAC vs VADD ---
  [PASS] VMAC does not write vd (funct3 gate)
  [PASS] VMAC accumulates ACCX=16
  [PASS] VADD writes vd correctly after VMAC

=== Results: 50/50 passed, 0 failed ===

ALL TESTS PASSED
$finish called at time : 6645 ns 
